[debug] [2026-03-25T17:48:15.793Z] ----------------------------------------------------------------------
[debug] [2026-03-25T17:48:15.803Z] Command:       C:\Program Files\nodejs\node.exe C:\Users\juann\AppData\Roaming\npm\node_modules\firebase-tools\lib\bin\firebase.js deploy
[debug] [2026-03-25T17:48:15.804Z] CLI Version:   13.9.0
[debug] [2026-03-25T17:48:15.804Z] Platform:      win32
[debug] [2026-03-25T17:48:15.804Z] Node Version:  v20.13.1
[debug] [2026-03-25T17:48:15.804Z] Time:          Wed Mar 25 2026 14:48:15 GMT-0300 (hora estándar de Argentina)
[debug] [2026-03-25T17:48:15.805Z] ----------------------------------------------------------------------
[debug] 
[debug] [2026-03-25T17:48:15.915Z] > command requires scopes: ["email","openid","https://www.googleapis.com/auth/cloudplatformprojects.readonly","https://www.googleapis.com/auth/firebase","https://www.googleapis.com/auth/cloud-platform"]
[debug] [2026-03-25T17:48:15.915Z] > authorizing via signed-in user (hwoneclick@gmail.com)
[debug] [2026-03-25T17:48:15.916Z] [iam] checking project portal-referidos-integrapymes for permissions ["firebase.projects.get","firebasehosting.sites.update"]
[debug] [2026-03-25T17:48:15.918Z] > refreshing access token with scopes: []
[debug] [2026-03-25T17:48:15.920Z] >>> [apiv2][query] POST https://www.googleapis.com/oauth2/v3/token [none]
[debug] [2026-03-25T17:48:15.920Z] >>> [apiv2][body] POST https://www.googleapis.com/oauth2/v3/token [omitted]
[debug] [2026-03-25T17:48:16.126Z] <<< [apiv2][status] POST https://www.googleapis.com/oauth2/v3/token 200
[debug] [2026-03-25T17:48:16.127Z] <<< [apiv2][body] POST https://www.googleapis.com/oauth2/v3/token [omitted]
[debug] [2026-03-25T17:48:16.142Z] >>> [apiv2][query] POST https://cloudresourcemanager.googleapis.com/v1/projects/portal-referidos-integrapymes:testIamPermissions [none]
[debug] [2026-03-25T17:48:16.142Z] >>> [apiv2][(partial)header] POST https://cloudresourcemanager.googleapis.com/v1/projects/portal-referidos-integrapymes:testIamPermissions x-goog-quota-user=projects/portal-referidos-integrapymes
[debug] [2026-03-25T17:48:16.142Z] >>> [apiv2][body] POST https://cloudresourcemanager.googleapis.com/v1/projects/portal-referidos-integrapymes:testIamPermissions {"permissions":["firebase.projects.get","firebasehosting.sites.update"]}
[debug] [2026-03-25T17:48:17.137Z] <<< [apiv2][status] POST https://cloudresourcemanager.googleapis.com/v1/projects/portal-referidos-integrapymes:testIamPermissions 200
[debug] [2026-03-25T17:48:17.137Z] <<< [apiv2][body] POST https://cloudresourcemanager.googleapis.com/v1/projects/portal-referidos-integrapymes:testIamPermissions {}
[debug] [2026-03-25T17:48:17.137Z] [iam] error while checking permissions, command may fail: FirebaseError: Authorization failed. This account is missing the following required permissions on project portal-referidos-integrapymes:

  firebase.projects.get
  firebasehosting.sites.update
[debug] [2026-03-25T17:48:17.139Z] >>> [apiv2][query] GET https://firebase.googleapis.com/v1beta1/projects/portal-referidos-integrapymes [none]
[debug] [2026-03-25T17:48:17.570Z] <<< [apiv2][status] GET https://firebase.googleapis.com/v1beta1/projects/portal-referidos-integrapymes 403
[debug] [2026-03-25T17:48:17.571Z] <<< [apiv2][body] GET https://firebase.googleapis.com/v1beta1/projects/portal-referidos-integrapymes {"error":{"code":403,"message":"The caller does not have permission","status":"PERMISSION_DENIED"}}
[debug] [2026-03-25T17:48:17.573Z] HTTP Error: 403, The caller does not have permission
[error] 
[error] Error: Assertion failed: resolving hosting target of a site with no site name or target name. This should have caused an error earlier
